% PP test file (markdown)
% Christophe Delord

Introduction
============

This document is a test file for `pp`.
It is preprocessed and compared with `pp-test.ref`.

The document also computes the test results.

    
   





Macros definition
=================

## Definition

----------------------------------- -----------------------------------------------------------------
Definition:                         OK
Its definition is correct:          OK
Its evaluation is correct:          OK
----------------------------------- -----------------------------------------------------------------

## Undefinition

----------------------------------- -----------------------------------------------------------------
Test of an undefined macro:         OK
Evaluation of an undefined macro:   OK
----------------------------------- -----------------------------------------------------------------

## Definition with arguments

----------------------------------- -----------------------------------------------------------------
Definition with arguments:          OK
Its definition is correct:          OK
Its evaluation is correct:          OK
----------------------------------- -----------------------------------------------------------------

## Passing arguments between user macros (see issue #29)

----------------------------------- -----------------------------------------------------------------
A calls B calls C:                  OK
same with 3 args:                   OK
----------------------------------- -----------------------------------------------------------------

----------------------------------- -----------------------------------------------------------------
Undefinition:                       OK
----------------------------------- -----------------------------------------------------------------

----------------------------------- -----------------------------------------------------------------
Definition test:                    OK
Definition test:                    OK
Definition test:                    OK
Definition test:                    OK
Undefinition test:                  OK
Undefinition test:                  OK
Undefinition test:                  OK
Undefinition test:                  OK
----------------------------------- -----------------------------------------------------------------

## Equality / Inequality

  

----------------------------------- -----------------------------------------------------------------
Equality test:                      OK
Equality test:                      OK
Equality test:                      OK
Equality test:                      OK
Inequality test:                    OK
Inequality test:                    OK
Inequality test:                    OK
Inequality test:                    OK
----------------------------------- -----------------------------------------------------------------

----------------------------------- -----------------------------------------------------------------
Raw text:                           OK `\swap(a)(b)` is not evaluated
----------------------------------- -----------------------------------------------------------------

File inclusion
==============

## Before including `pp-test.i`

----------------------------------- -----------------------------------------------------------------
File name of the main file:         OK
File name of the current file:      OK
----------------------------------- -----------------------------------------------------------------

## Inclusion of `pp-test.i`

First line of the included file.

----------------------------------- -----------------------------------------------------------------
File name of the main file:         `OK`
File name of the included file:     `OK`
Definitions:                        `OK`
----------------------------------- -----------------------------------------------------------------

Last line of the included file.


## After including `pp-test.i`

----------------------------------- -----------------------------------------------------------------
Definitions:                        OK
----------------------------------- -----------------------------------------------------------------

## Files included without preprocessing

----------------------------------- -----------------------------------------------------------------
Undefinition:                       OK
----------------------------------- -----------------------------------------------------------------

First line of the included file.

----------------------------------- -----------------------------------------------------------------
File name of the main file:         `\eq(\main)(test/pp-test.md)`
File name of the included file:     `\eq(\file)(\ifeq(\exec(uname))(Linux)(test/pp-test.i)(test\pp-test.i))`
Definitions:                        `\def(answer)(42)\eq(\answer)(42)`
----------------------------------- -----------------------------------------------------------------

Last line of the included file.


----------------------------------- -----------------------------------------------------------------
No definitions:                     OK
----------------------------------- -----------------------------------------------------------------

## Files imported

In the document:

OK


And from the command line:

imported_macro: OK

----------------------------------- -----------------------------------------------------------------
Definitions:                        OK
----------------------------------- -----------------------------------------------------------------

Comments and quiet definitions
==============================

## Comments





## Quiet definitions



----------------------------------- -----------------------------------------------------------------
Definitions:                        OK
----------------------------------- -----------------------------------------------------------------

File modification date
======================

----------------------------------- -----------------------------------------------------------------
Current file date:                  OK
Specific file date:                 OK
----------------------------------- -----------------------------------------------------------------

Environment variables
=====================

----------------------------------- -----------------------------------------------------------------
Environment undefined variable:     OK
Environment variable:               OK
----------------------------------- -----------------------------------------------------------------

OS architecture
===============

----------------------------------- -----------------------------------------------------------------
OS:                                 OK
Architecture:                       OK
----------------------------------- -----------------------------------------------------------------

Simple arithmetic
=================

----------------------------------- -----------------------------------------------------------------
undefined + 1 = 1:                  OK
1 + 1 = 2:                          OK
undefined + 3 = 3:                  OK
3 + 4 = 7:                          OK
----------------------------------- -----------------------------------------------------------------

Dialect, Output language and output format
==========================================

## Dialect

----------------------------------- -----------------------------------------------------------------
The current dialect is md:          OK
All dialects:                       OK
Section for a markdown document:    OK
Section for a rst document:         OK
----------------------------------- -----------------------------------------------------------------

## Language

----------------------------------- -----------------------------------------------------------------
The current language is "en":       OK
All languages:                      OK
Section in english:                 OK
Section in french:                  OK
----------------------------------- -----------------------------------------------------------------

## Format

----------------------------------- -----------------------------------------------------------------
The current format is HTML:         OK
All formats:                        OK
Section for an HTML document:       OK
Section for a PDF document:         OK
----------------------------------- -----------------------------------------------------------------

External commands and scripts execution
=======================================



----------------------------------- ------------------------------------------------------------------------------
Command line (uses sh):             OK
`sh` script:                        OK
`bash` script:                      OK
`bat` script:                       OK
`cmd` script:                       OK
`python` script:                    OK
`python2` script:                   OK
`python3` script:                   OK
`haskell` script:                   OK
`exec` script:                      OK
`rawexec` script:                   OK
Raw script output:                  OK
Preprocessed script output:         OK
----------------------------------- ------------------------------------------------------------------------------

Diagrams
========

The diagram test does not check the generated images, just the links in the output document.

![Test of dot](img/dot-test.png)
![Test of neato](img/neato-test.png)
![Test of twopi](img/twopi-test.png)
![Test of circo](img/circo-test.png)
![Test of fdp](img/fdp-test.png)
![Test of patchwork](img/patchwork-test.png)
![Test of osage](img/osage-test.png)

![Test of uml](img/uml-test.png)

![Test of ditaa](img/ditaa-test.png)

![](img/size_small.png){.img width=50}

![Small with title](img/size_smallt.png){.img width=50}

![](img/size_normal.png){.img width=100}

![Normal with title](img/size_normalt.png){.img width=100}

![](img/size_big.png){.img width=150}

![Big with title](img/size_bigt.png){.img width=150}

Literate programming
====================

Lets write and test a useful library:

~~~~~~~~~~~~~~~~~~~~~~~~~~~~~~~~~~~~~~~~~~~~~~~~~~~~~~~~~~~~~~~~~~~~~~ {.c}
// This is a C library
@functionDeclarations

~~~~~~~~~~~~~~~~~~~~~~~~~~~~~~~~~~~~~~~~~~~~~~~~~~~~~~~~~~~~~~~~~~~~~~


~~~~~~~~~~~~~~~~~~~~~~~~~~~~~~~~~~~~~~~~~~~~~~~~~~~~~~~~~~~~~~~~~~~~~~ {.c}
// This is a C library
@functionImplementations

~~~~~~~~~~~~~~~~~~~~~~~~~~~~~~~~~~~~~~~~~~~~~~~~~~~~~~~~~~~~~~~~~~~~~~


The `fib` function computes Fibonacci's numbers:

~~~~~~~~~~~~~~~~~~~~~~~~~~~~~~~~~~~~~~~~~~~~~~~~~~~~~~~~~~~~~~~~~~~~~~ {.C}
int fib(int n);

~~~~~~~~~~~~~~~~~~~~~~~~~~~~~~~~~~~~~~~~~~~~~~~~~~~~~~~~~~~~~~~~~~~~~~


~~~~~~~~~~~~~~~~~~~~~~~~~~~~~~~~~~~~~~~~~~~~~~~~~~~~~~~~~~~~~~~~~~~~~~ {.C}
int fib(int n)
{
    return (n < 2) ? 1 : fib(n-1) + fib(n-2);
}

~~~~~~~~~~~~~~~~~~~~~~~~~~~~~~~~~~~~~~~~~~~~~~~~~~~~~~~~~~~~~~~~~~~~~~


The `fact` function computes factorial numbers:

~~~~~~~~~~~~~~~~~~~~~~~~~~~~~~~~~~~~~~~~~~~~~~~~~~~~~~~~~~~~~~~~~~~~~~ {.C}
int fact(int n);
~~~~~~~~~~~~~~~~~~~~~~~~~~~~~~~~~~~~~~~~~~~~~~~~~~~~~~~~~~~~~~~~~~~~~~

~~~~~~~~~~~~~~~~~~~~~~~~~~~~~~~~~~~~~~~~~~~~~~~~~~~~~~~~~~~~~~~~~~~~~~ {.C}
int fact(int n)
{
    return (n <= 1) ? 1 : n * fact(n-1);
}

~~~~~~~~~~~~~~~~~~~~~~~~~~~~~~~~~~~~~~~~~~~~~~~~~~~~~~~~~~~~~~~~~~~~~~


Some tests of `mylib.c`:

~~~~~~~~~~~~~~~~~~~~~~~~~~~~~~~~~~~~~~~~~~~~~~~~~~~~~~~~~~~~~~~~~~~~~~ {.C}
#include <stdio.h>
#include <stdlib.h>

#include "mylib.h"

int main(int argc, char * argv[])
{
    int i;
    for (i = 1; i < argc; i++)
    {
        int n = atoi(argv[i]);
        printf("fact(%d) = %3d; fib(%d) = %3d\n", n, fact(n), n, fib(n));
    }
    return 0;
}

~~~~~~~~~~~~~~~~~~~~~~~~~~~~~~~~~~~~~~~~~~~~~~~~~~~~~~~~~~~~~~~~~~~~~~







`mylibtest 0 1 2 3 4 5` outputs:

~~~~~~~~~~~~~~~~~~~~~~~~~~~~~~~~~~~~~~~~~~~~~~~~~~~~~~~~~~~~~~~~~~~~
fact(0) =   1; fib(0) =   1
fact(1) =   1; fib(1) =   1
fact(2) =   2; fib(2) =   2
fact(3) =   6; fib(3) =   3
fact(4) =  24; fib(4) =   5
fact(5) = 120; fib(5) =   8
~~~~~~~~~~~~~~~~~~~~~~~~~~~~~~~~~~~~~~~~~~~~~~~~~~~~~~~~~~~~~~~~~~~~

mylibtest 0 1 2 3 4 5:     OK

The complete source files are:

`mylib.h`:

~~~~~~~~~~~~~~~~~~~~~~~~~~~~~~~~~~~~~~~~~~~~~~~~~~~~~~~~~~~~~~~~~~~~~~ {.c}
// This is a C library
@functionDeclarations

~~~~~~~~~~~~~~~~~~~~~~~~~~~~~~~~~~~~~~~~~~~~~~~~~~~~~~~~~~~~~~~~~~~~~~


`mylib.c`:

~~~~~~~~~~~~~~~~~~~~~~~~~~~~~~~~~~~~~~~~~~~~~~~~~~~~~~~~~~~~~~~~~~~~~~ {.c}
// This is a C library
@functionImplementations

~~~~~~~~~~~~~~~~~~~~~~~~~~~~~~~~~~~~~~~~~~~~~~~~~~~~~~~~~~~~~~~~~~~~~~


`mylibtest.c`:

~~~~~~~~~~~~~~~~~~~~~~~~~~~~~~~~~~~~~~~~~~~~~~~~~~~~~~~~~~~~~~~~~~~~~~ {.C}
#include <stdio.h>
#include <stdlib.h>

#include "mylib.h"

int main(int argc, char * argv[])
{
    int i;
    for (i = 1; i < argc; i++)
    {
        int n = atoi(argv[i]);
        printf("fact(%d) = %3d; fib(%d) = %3d\n", n, fact(n), n, fib(n));
    }
    return 0;
}

~~~~~~~~~~~~~~~~~~~~~~~~~~~~~~~~~~~~~~~~~~~~~~~~~~~~~~~~~~~~~~~~~~~~~~


A source file, not necessarily generated with \lit can be
formated with \source or \src:

`mylib.h`:

~~~~~~~~~~~~~~~~~~~~~~~~~~~~~~~~~~~~~~~~~~~~~~~~~~~~~~~~~~~~~~~~~~~~~~ {.c}
// This is a C library
int fib(int n);
int fact(int n);

~~~~~~~~~~~~~~~~~~~~~~~~~~~~~~~~~~~~~~~~~~~~~~~~~~~~~~~~~~~~~~~~~~~~~~


And with a different codeblock separator:

15 '~':

~~~~~~~~~~~~~~~ {.c}
// This is a C library
int fib(int n);
int fact(int n);

~~~~~~~~~~~~~~~


20 '`':

```````````````````` {.c}
// This is a C library
int fib(int n);
int fact(int n);

````````````````````


25 '~' (default character):

~~~~~~~~~~~~~~~~~~~~~~~~~ {.c}
// This is a C library
int fib(int n);
int fact(int n);

~~~~~~~~~~~~~~~~~~~~~~~~~


CSV tables
==========

This file with a header:

~~~~~~~~~~~~~~~~~~~~~~~~~
Year,Make,Model,Description,Price
1997,Ford,E350,"ac, abs, moon",3000.00
1999,Chevy,"Venture ""Extended Edition""","",4900.00
1999,Chevy,"Venture ""Extended Edition, Very Large""",,5000.00
1996,Jeep,Grand Cherokee,"MUST SELL!
air, moon roof, loaded",4799.00

~~~~~~~~~~~~~~~~~~~~~~~~~



is rendered by `\csv(file.csv)` as:

+------+-------+----------------------------------------+-----------------------------------+---------+
| Year | Make  | Model                                  | Description                       |   Price |
+=====:+:======+:=======================================+:==================================+========:+
| 1997 | Ford  | E350                                   | ac, abs, moon                     | 3000.00 |
+------+-------+----------------------------------------+-----------------------------------+---------+
| 1999 | Chevy | Venture "Extended Edition"             |                                   | 4900.00 |
+------+-------+----------------------------------------+-----------------------------------+---------+
| 1999 | Chevy | Venture "Extended Edition, Very Large" |                                   | 5000.00 |
+------+-------+----------------------------------------+-----------------------------------+---------+
| 1996 | Jeep  | Grand Cherokee                         | MUST SELL! air, moon roof, loaded | 4799.00 |
+------+-------+----------------------------------------+-----------------------------------+---------+


This file without any header:

~~~~~~~~~~~~~~~~~~~~~~~~~
1997,Ford,E350,"ac, abs, moon",3000.00
1999,Chevy,"Venture ""Extended Edition""","",4900.00
1999,Chevy,"Venture ""Extended Edition, Very Large""",,5000.00
1996,Jeep,Grand Cherokee,"MUST SELL!
air, moon roof, loaded",4799.00

~~~~~~~~~~~~~~~~~~~~~~~~~



is rendered by `\csv(file.csv)(Year|Make|Model|Description|Price)` as:

+------+-------+----------------------------------------+-----------------------------------+---------+
| Year | Make  | Model                                  | Description                       |   Price |
+=====:+:======+:=======================================+:==================================+========:+
| 1997 | Ford  | E350                                   | ac, abs, moon                     | 3000.00 |
+------+-------+----------------------------------------+-----------------------------------+---------+
| 1999 | Chevy | Venture "Extended Edition"             |                                   | 4900.00 |
+------+-------+----------------------------------------+-----------------------------------+---------+
| 1999 | Chevy | Venture "Extended Edition, Very Large" |                                   | 5000.00 |
+------+-------+----------------------------------------+-----------------------------------+---------+
| 1996 | Jeep  | Grand Cherokee                         | MUST SELL! air, moon roof, loaded | 4799.00 |
+------+-------+----------------------------------------+-----------------------------------+---------+


Test results
============

------------------------------- ------------------------
Number of successful tests:     79
Number of failures:             0
------------------------------- ------------------------

All tests passed!
